aeson: Error in $[0].id: Task id 'a,b' contained invalid char (',', '<', '>'): ,
