aeson: Error in $[0].status: Blocker text 'bad text < dies' contains invalid char (',', '<', '>'): <
