aeson: Error in $[0].status: Received no non-empty ids for 'blocked' status: ' , '
