aeson: Error in $[0].status: Received no non-empty blockers for 'blocked' status: ' , '
