File does not exist at path: '/tmp/<dir>/todo/functional/list/testNonExtantPathSucceeds/non-extant/tasks.json'. Creating one.
