Task with id 'd' references non-extant id(s): 'x', 'y'.
