...todo/functional/list/testNonExtantPathFails/non-extant/index.json: withFile: does not exist...
