aeson: Error in $[0]: Found unexpected json key(s): 'bad-key', 'other-key'
