
Create a task (y/n)? y
Parent id(s):

- groceries
- soccer_match
- equipment
- empty_group

Task id for parent group (leave blank for no parent)? 
Create (empty) task group (y/n)? n

Id: groceries
Found duplicate tasks with id 'groceries'.

Id: test_id
Status (blocked: <blockers> | completed | in-progress | not-started) (leave blank for not-started): bad_status

Bad Response: Unexpected status value: 'bad_status'

Status (blocked: <blockers> | completed | in-progress | not-started) (leave blank for not-started): completed
Priority (low | normal | high) (leave blank for normal): bad_priority

Bad Response: Unexpected priority value: bad_priority

Priority (low | normal | high) (leave blank for normal): high
Description (leave blank for none): 
Deadline (leave blank for none): bad_deadline

Bad Response: Could not parse timestamp: bad_deadline

Deadline (leave blank for none): 2020-05-09

Create a task (y/n)? n
Successfully added task. Modified tasks:

✅ id: test_id
   status: completed
   priority: high
   deadline: 2020-05-09



⛔ id: groceries
   status: blocked: <fix_car>, <paycheck>, store closed
   priority: high

  ❌ id: bananas
     status: not-started
     priority: high

  ❌ id: apples
     status: not-started
     priority: normal

🚧 id: paycheck
   status: in-progress
   priority: high
   deadline: 2024-08-12 12:00:00

❌ id: fix_car
   status: not-started
   priority: high
   deadline: 2024-06-22 12:15:00 UTC
   description: Car needs brakes fixed

⛔ id: soccer_match
   status: blocked: <fix_car>, <groceries>
   priority: low

  ⛔ id: pack_bananas
     status: blocked: <groceries>
     priority: normal

  ⛔ id: equipment
     status: blocked: <fix_car>
     priority: normal

    ⛔ id: ball
       status: blocked: <fix_car>
       priority: normal

    ⛔ id: cleats
       status: blocked: <fix_car>
       priority: normal
       description: Get cleats

❌ id: haircut
   status: not-started
   priority: low

✅ id: test_id
   status: completed
   priority: high
   deadline: 2020-05-09

✅ id: empty_group
   status: completed
   priority: normal

✅ id: walk_dog
   status: completed
   priority: normal
   deadline: 2024-04-10


