aeson: Error in $[0].status: Received empty list for 'blocked' status: ' '
