aeson: Error in $[0].id: Received empty task id: ' '
