...non-extant/index.json: withFile: does not exist...
