aeson: Error in $[0].status: Unexpected status value: 'bad'
