
Create a task (y/n)? 
Task id for parent group (leave blank for no parent)? 
Create (empty) task group (y/n)? 

Task id: 
  The predicate (TaskIdNotMember) failed with the exception: Found duplicate tasks with id 'groceries'.



Task id: 
Task status (completed | in-progress | not-started | blocked: <ids>): 
Bad response: Unexpected status value: 'bad_status'

Task status (completed | in-progress | not-started | blocked: <ids>): 
Task priority (low | normal | high): 
Bad response: Unexpected priority value: bad_priority

Task priority (low | normal | high): 
Description (leave blank for none): 
Deadline (leave blank for none): 
Bad answer: Could not parse timestamp: bad_deadline

Deadline (leave blank for none): 

Create a task (y/n)? 
Successfully added task. Modified tasks:


✅ id: test_id
   status: completed
   priority: high
   deadline: 2020-05-09



❌ id: groceries
   status: blocked: 'fix_car', 'paycheck'

  ❌ id: bananas
     status: not-started
     priority: high

  ❌ id: apples
     status: not-started
     priority: normal

❌ id: soccer_match
   status: blocked: 'fix_car', 'groceries'
   priority: low

  ❌ id: pack_bananas
     status: blocked: 'groceries'
     priority: normal

  ❌ id: equipment
     status: blocked: 'fix_car'
     priority: normal

    ❌ id: cleats
       status: blocked: 'fix_car'
       priority: normal
       description: Get cleats

    ❌ id: ball
       status: blocked: 'fix_car'
       priority: normal

❌ id: fix_car
   status: not-started
   priority: high
   deadline: 2024-06-22 12:15:00 UTC
   description: Car needs brakes fixed

❌ id: haircut
   status: not-started
   priority: low

❌ id: paycheck
   status: in-progress
   priority: high
   deadline: 2024-08-12 12:00:00

✅ id: test_id
   status: completed
   priority: high
   deadline: 2020-05-09

✅ id: walk_dog
   status: completed
   priority: normal
   deadline: 2024-04-10


