
Create a task (y/n)? 
Parent id(s):

- groceries
- soccer_match
- equipment
- equipment
- empty_group

Task id for parent group (leave blank for no parent)? 
Create (empty) task group (y/n)? 
Group id: 
Status (blocked: <blockers> | completed | in-progress | not-started) (leave blank for none): 
Priority (low | normal | high) (leave blank for none): 

Create a task (y/n)? 
Parent id(s):

- group_id
- groceries
- soccer_match
- equipment
- equipment
- empty_group

Task id for parent group (leave blank for no parent)? 
Create (empty) task group (y/n)? 

Id: 
Status (blocked: <blockers> | completed | in-progress | not-started) (leave blank for not-started): 
Priority (low | normal | high) (leave blank for normal): 
Description (leave blank for none): 
Deadline (leave blank for none): 

Create a task (y/n)? 
Parent id(s):

- group_id
- groceries
- soccer_match
- equipment
- equipment
- empty_group

Task id for parent group (leave blank for no parent)? 
Create (empty) task group (y/n)? 

Id: 
Status (blocked: <blockers> | completed | in-progress | not-started) (leave blank for not-started): 
Priority (low | normal | high) (leave blank for normal): 
Description (leave blank for none): 
Deadline (leave blank for none): 

Create a task (y/n)? 
Successfully added task. Modified tasks:

🚧 id: group_id
   status: in-progress
   priority: high

  🚧 id: task_b
     status: in-progress
     priority: high
     deadline: 2020-04-08

  ✅ id: task_a
     status: completed
     priority: normal
     description: some description



⛔ id: groceries
   status: blocked: <fix_car>, <paycheck>, 'store closed'
   priority: high

  ❌ id: bananas
     status: not-started
     priority: high

  ❌ id: apples
     status: not-started
     priority: normal

🚧 id: group_id
   status: in-progress
   priority: high

  🚧 id: task_b
     status: in-progress
     priority: high
     deadline: 2020-04-08

  ✅ id: task_a
     status: completed
     priority: normal
     description: some description

🚧 id: paycheck
   status: in-progress
   priority: high
   deadline: 2024-08-12 12:00:00

❌ id: fix_car
   status: not-started
   priority: high
   deadline: 2024-06-22 12:15:00 UTC
   description: Car needs brakes fixed

⛔ id: soccer_match
   status: blocked: <fix_car>, <groceries>
   priority: low

  ⛔ id: pack_bananas
     status: blocked: <groceries>
     priority: normal

  ⛔ id: equipment
     status: blocked: <fix_car>
     priority: normal

    ⛔ id: ball
       status: blocked: <fix_car>
       priority: normal

    ⛔ id: cleats
       status: blocked: <fix_car>
       priority: normal
       description: Get cleats

❌ id: haircut
   status: not-started
   priority: low

✅ id: empty_group
   status: completed
   priority: normal

✅ id: walk_dog
   status: completed
   priority: normal
   deadline: 2024-04-10


