
Create a task (y/n)? 

Task id for parent group (leave blank for no parent)? 

The predicate (GroupIdMember) failed with the exception: Task id 'bad-group' not found in the index.

Task id for parent group (leave blank for no parent)? 

The predicate (GroupIdMember) failed with the message: The task id 'paycheck' exists in the index but is a single task id, not a group.

Task id for parent group (leave blank for no parent)? 

Create (empty) task group (y/n)? 


Task id: 

Task status (completed | in-progress | not-started | blocked: <ids>): 

Task priority (low | normal | high): 

Description (leave blank for none): 

Deadline (leave blank for none): 


Create a task (y/n)? 

Successfully added task. Modified tasks:


❌ id: soccer_match
   status: blocked: <fix_car>, <groceries>
   priority: low
  ❌ id: pack_bananas
     status: blocked: <groceries>
     priority: normal

  ❌ id: equipment
     status: blocked: <fix_car>
     priority: normal
    ❌ id: water
       status: not-started
       priority: high

    ❌ id: ball
       status: blocked: <fix_car>
       priority: normal

    ❌ id: cleats
       status: blocked: <fix_car>
       priority: normal
       description: Get cleats



❌ id: groceries
   status: blocked: <fix_car>, <paycheck>, 'store closed'
   priority: high
  ❌ id: bananas
     status: not-started
     priority: high

  ❌ id: apples
     status: not-started
     priority: normal

❌ id: fix_car
   status: not-started
   priority: high
   deadline: 2024-06-22 12:15:00 UTC
   description: Car needs brakes fixed

❌ id: paycheck
   status: in-progress
   priority: high
   deadline: 2024-08-12 12:00:00

❌ id: soccer_match
   status: blocked: <fix_car>, <groceries>
   priority: low
  ❌ id: pack_bananas
     status: blocked: <groceries>
     priority: normal

  ❌ id: equipment
     status: blocked: <fix_car>
     priority: normal
    ❌ id: water
       status: not-started
       priority: high

    ❌ id: ball
       status: blocked: <fix_car>
       priority: normal

    ❌ id: cleats
       status: blocked: <fix_car>
       priority: normal
       description: Get cleats

❌ id: haircut
   status: not-started
   priority: low

✅ id: walk_dog
   status: completed
   priority: normal
   deadline: 2024-04-10


