Found id(s):

- apples: not-started
- ball: blocked: <fix_car>
- bananas: not-started
- cleats: blocked: <fix_car>
- empty_group: completed
- equipment: blocked: <fix_car>
- fix_car: not-started
- groceries: blocked: <fix_car>, <paycheck>, 'store closed'
- haircut: not-started
- pack_bananas: blocked: <groceries>
- paycheck: in-progress
- soccer_match: blocked: <fix_car>, <groceries>
- walk_dog: completed

Enter task id(s) to delete: haircut empty_group soccer_match
Found task(s):

⛔ id: soccer_match
   status: blocked: <fix_car>, <groceries>
   priority: low

  ⛔ id: pack_bananas
     status: blocked: <groceries>
     priority: normal

  ⛔ id: equipment
     status: blocked: <fix_car>
     priority: normal

    ⛔ id: ball
       status: blocked: <fix_car>
       priority: normal

    ⛔ id: cleats
       status: blocked: <fix_car>
       priority: normal
       description: Get cleats

❌ id: haircut
   status: not-started
   priority: low

✅ id: empty_group
   status: completed
   priority: normal

Are you sure you want to delete (y/n)? y
Successfully deleted tasks(s).


⛔ id: groceries
   status: blocked: <fix_car>, <paycheck>, 'store closed'
   priority: high

  ❌ id: bananas
     status: not-started
     priority: high

  ❌ id: apples
     status: not-started
     priority: normal

🚧 id: paycheck
   status: in-progress
   priority: high
   deadline: 2024-08-12 12:00:00

❌ id: fix_car
   status: not-started
   priority: high
   deadline: 2024-06-22 12:15:00 UTC
   description: Car needs brakes fixed

✅ id: walk_dog
   status: completed
   priority: normal
   deadline: 2024-04-10


