Found task(s):


âœ… id: walk_dog
   status: completed
   priority: normal
   deadline: 2024-04-10


Are you sure you want to delete (y/n)? 

Did not delete any tasks.

