Task id 'fix_car' is referenced by other tasks, so it cannot be deleted: 'ball', 'cleats', 'groceries'
