Found task(s):


â›” id: g
   status: blocked: <t2>
   priority: normal

  â›” id: s2
     status: blocked: <t2>
     priority: normal

  ðŸš§ id: s1
     status: in-progress
     priority: normal

â›” id: t2
   status: blocked: <s1>
   priority: normal


Are you sure you want to delete (y/n)? 

Successfully deleted tasks(s). New index:


ðŸš§ id: t1
   status: in-progress
   priority: normal


